{
    "stdout": " type resolve  sort fields\n type resolve  insert type definitions\n type resolve  resolve aliases in function signatures and prepare function types\ngot \"S\" and None\n type resolve  typeresolve functions\n type resolve  final resolve of all functions\n",
    "stderr": "\u001b[31mError:\u001b[0m This needs to allow mutable access\n   \u001b[38;5;246m\u256d\u001b[0m\u001b[38;5;246m\u2500\u001b[0m\u001b[38;5;246m[\u001b[0m assign_to_const_struct.duck:7:5 \u001b[38;5;246m]\u001b[0m\n   \u001b[38;5;246m\u2502\u001b[0m\n \u001b[38;5;246m7 \u2502\u001b[0m \u001b[38;5;249m \u001b[0m\u001b[38;5;249m \u001b[0m\u001b[38;5;249m \u001b[0m\u001b[38;5;249m \u001b[0m\u001b[33ms\u001b[0m\u001b[38;5;249m.\u001b[0m\u001b[38;5;249mv\u001b[0m\u001b[38;5;249ma\u001b[0m\u001b[38;5;249ml\u001b[0m\u001b[38;5;249m \u001b[0m\u001b[38;5;249m=\u001b[0m\u001b[38;5;249m \u001b[0m\u001b[38;5;249m1\u001b[0m\u001b[38;5;249m0\u001b[0m\u001b[38;5;249m0\u001b[0m\u001b[38;5;249m;\u001b[0m\n \u001b[38;5;240m  \u2502\u001b[0m     \u001b[33m\u252c\u001b[0m  \n \u001b[38;5;240m  \u2502\u001b[0m     \u001b[33m\u2570\u001b[0m\u001b[33m\u2500\u001b[0m\u001b[33m\u2500\u001b[0m This needs to allow mutable access\n\u001b[38;5;246m\u2500\u2500\u2500\u256f\u001b[0m\n\nthread 'main' panicked at src/parse/mod.rs:82:5:\nThis needs to allow mutable access\nnote: run with `RUST_BACKTRACE=1` environment variable to display a backtrace\n"
}