{
    "stdout": " type resolve  sort fields\n type resolve  insert type definitions\n type resolve  resolve aliases in function signatures and prepare function types\n type resolve  typeresolve functions\n type resolve  final resolve of all functions\n",
    "stderr": "\u001b[31mError:\u001b[0m Unexhaustive Match\n   \u001b[38;5;246m\u256d\u001b[0m\u001b[38;5;246m\u2500\u001b[0m\u001b[38;5;246m[\u001b[0m unexhaustive_match_conditional.duck:5:5 \u001b[38;5;246m]\u001b[0m\n   \u001b[38;5;246m\u2502\u001b[0m\n \u001b[38;5;246m5 \u2502\u001b[0m \u001b[33m\u256d\u001b[0m\u001b[33m\u2500\u001b[0m\u001b[33m\u25b6\u001b[0m\u001b[33m \u001b[0m\u001b[38;5;249m \u001b[0m\u001b[38;5;249m \u001b[0m\u001b[38;5;249m \u001b[0m\u001b[38;5;249m \u001b[0m\u001b[33mm\u001b[0m\u001b[33ma\u001b[0m\u001b[33mt\u001b[0m\u001b[33mc\u001b[0m\u001b[33mh\u001b[0m\u001b[33m \u001b[0m\u001b[33mx\u001b[0m\u001b[33m \u001b[0m\u001b[33m{\u001b[0m\n \u001b[38;5;240m  \u2506\u001b[0m \u001b[33m\u2506\u001b[0m   \n \u001b[38;5;246m7 \u2502\u001b[0m \u001b[33m\u2502\u001b[0m   \u001b[33m \u001b[0m\u001b[33m \u001b[0m\u001b[33m \u001b[0m\u001b[33m \u001b[0m\u001b[33m \u001b[0m\u001b[33m \u001b[0m\u001b[33m \u001b[0m\u001b[33m \u001b[0m\u001b[33mS\u001b[0m\u001b[33mt\u001b[0m\u001b[33mr\u001b[0m\u001b[33mi\u001b[0m\u001b[33mn\u001b[0m\u001b[33mg\u001b[0m\u001b[33m \u001b[0m\u001b[33m@\u001b[0m\u001b[33ms\u001b[0m\u001b[33m \u001b[0m\u001b[33mi\u001b[0m\u001b[33mf\u001b[0m\u001b[33m \u001b[0m\u001b[33ms\u001b[0m\u001b[33m \u001b[0m\u001b[33m=\u001b[0m\u001b[33m=\u001b[0m\u001b[33m \u001b[0m\u001b[33m\"\u001b[0m\u001b[33mH\u001b[0m\u001b[33ma\u001b[0m\u001b[33ml\u001b[0m\u001b[33ml\u001b[0m\u001b[33mo\u001b[0m\u001b[33m\"\u001b[0m\u001b[33m \u001b[0m\u001b[33m=\u001b[0m\u001b[33m>\u001b[0m\u001b[33m \u001b[0m\u001b[33mp\u001b[0m\u001b[33mr\u001b[0m\u001b[33mi\u001b[0m\u001b[33mn\u001b[0m\u001b[33mt\u001b[0m\u001b[33ml\u001b[0m\u001b[33mn\u001b[0m\u001b[33m(\u001b[0m\u001b[33m\"\u001b[0m\u001b[33m\"\u001b[0m\u001b[33m)\u001b[0m\u001b[33m,\u001b[0m\n \u001b[38;5;240m  \u2502\u001b[0m \u001b[33m\u2502\u001b[0m           \u001b[33m\u2500\u001b[0m\u001b[33m\u2500\u001b[0m\u001b[33m\u2500\u001b[0m\u001b[33m\u2500\u001b[0m\u001b[33m\u2500\u001b[0m\u001b[33m\u2500\u001b[0m\u001b[33m\u2500\u001b[0m\u001b[33m\u2500\u001b[0m\u001b[33m\u2500\u001b[0m\u001b[33m\u2500\u001b[0m\u001b[33m\u2500\u001b[0m\u001b[33m\u2500\u001b[0m\u001b[33m\u2500\u001b[0m\u001b[33m\u2500\u001b[0m\u001b[33m\u2500\u001b[0m\u001b[33m\u2500\u001b[0m\u001b[33m\u2500\u001b[0m\u001b[33m\u2500\u001b[0m\u001b[33m\u2500\u001b[0m\u001b[33m\u2500\u001b[0m\u001b[33m\u252c\u001b[0m\u001b[33m\u2500\u001b[0m\u001b[33m\u2500\u001b[0m\u001b[33m\u2500\u001b[0m\u001b[33m\u2500\u001b[0m\u001b[33m\u2500\u001b[0m\u001b[33m\u2500\u001b[0m\u001b[33m\u2500\u001b[0m\u001b[33m\u2500\u001b[0m\u001b[33m\u2500\u001b[0m\u001b[33m\u2500\u001b[0m\u001b[33m\u2500\u001b[0m\u001b[33m\u2500\u001b[0m\u001b[33m\u2500\u001b[0m\u001b[33m\u2500\u001b[0m\u001b[33m\u2500\u001b[0m\u001b[33m\u2500\u001b[0m\u001b[33m\u2500\u001b[0m\u001b[33m\u2500\u001b[0m\u001b[33m\u2500\u001b[0m  \n \u001b[38;5;240m  \u2502\u001b[0m \u001b[33m\u2502\u001b[0m                               \u001b[33m\u2570\u001b[0m\u001b[33m\u2500\u001b[0m\u001b[33m\u2500\u001b[0m\u001b[33m\u2500\u001b[0m\u001b[33m\u2500\u001b[0m\u001b[33m\u2500\u001b[0m\u001b[33m\u2500\u001b[0m\u001b[33m\u2500\u001b[0m\u001b[33m\u2500\u001b[0m\u001b[33m\u2500\u001b[0m\u001b[33m\u2500\u001b[0m\u001b[33m\u2500\u001b[0m\u001b[33m\u2500\u001b[0m\u001b[33m\u2500\u001b[0m\u001b[33m\u2500\u001b[0m\u001b[33m\u2500\u001b[0m\u001b[33m\u2500\u001b[0m\u001b[33m\u2500\u001b[0m\u001b[33m\u2500\u001b[0m\u001b[33m\u2500\u001b[0m\u001b[33m\u2500\u001b[0m\u001b[33m\u2500\u001b[0m this only partially covers DuckString and you're not having an else branch\n \u001b[38;5;246m8 \u2502\u001b[0m \u001b[33m\u251c\u001b[0m\u001b[33m\u2500\u001b[0m\u001b[33m\u25b6\u001b[0m\u001b[33m \u001b[0m\u001b[33m \u001b[0m\u001b[33m \u001b[0m\u001b[33m \u001b[0m\u001b[33m \u001b[0m\u001b[33m}\u001b[0m\n \u001b[38;5;240m  \u2502\u001b[0m \u001b[33m\u2502\u001b[0m           \n \u001b[38;5;240m  \u2502\u001b[0m \u001b[33m\u2570\u001b[0m\u001b[33m\u2500\u001b[0m\u001b[33m\u2500\u001b[0m\u001b[33m\u2500\u001b[0m\u001b[33m\u2500\u001b[0m\u001b[33m\u2500\u001b[0m\u001b[33m\u2500\u001b[0m\u001b[33m\u2500\u001b[0m\u001b[33m\u2500\u001b[0m\u001b[33m\u2500\u001b[0m\u001b[33m\u2500\u001b[0m\u001b[33m\u2500\u001b[0m not all possibilites are covered by this match\n\u001b[38;5;246m\u2500\u2500\u2500\u256f\u001b[0m\n\nthread 'main' panicked at src/parse/mod.rs:76:5:\nUnexhaustive Match\nnote: run with `RUST_BACKTRACE=1` environment variable to display a backtrace\n"
}