{
    "stdout": " type resolve  sort fields\n type resolve  insert type definitions\n type resolve  resolve aliases in function signatures and prepare function types\n type resolve  typeresolve functions\n type resolve  final resolve of all functions\n",
    "stderr": "\u001b[31mError:\u001b[0m Unexhaustive Match\n   \u001b[38;5;246m\u256d\u001b[0m\u001b[38;5;246m\u2500\u001b[0m\u001b[38;5;246m[\u001b[0m unexhaustive_match.duck:5:11 \u001b[38;5;246m]\u001b[0m\n   \u001b[38;5;246m\u2502\u001b[0m\n \u001b[38;5;246m5 \u2502\u001b[0m \u001b[38;5;249m \u001b[0m\u001b[38;5;249m \u001b[0m\u001b[38;5;249m \u001b[0m\u001b[38;5;249m \u001b[0m\u001b[38;5;249mm\u001b[0m\u001b[38;5;249ma\u001b[0m\u001b[38;5;249mt\u001b[0m\u001b[38;5;249mc\u001b[0m\u001b[38;5;249mh\u001b[0m\u001b[38;5;249m \u001b[0m\u001b[33mx\u001b[0m\u001b[38;5;249m \u001b[0m\u001b[38;5;249m{\u001b[0m\n \u001b[38;5;240m  \u2502\u001b[0m           \u001b[33m\u252c\u001b[0m  \n \u001b[38;5;240m  \u2502\u001b[0m           \u001b[33m\u2570\u001b[0m\u001b[33m\u2500\u001b[0m\u001b[33m\u2500\u001b[0m possible type String not covered\n\u001b[38;5;246m\u2500\u2500\u2500\u256f\u001b[0m\n\nthread 'main' panicked at src/parse/mod.rs:77:5:\nUnexhaustive Match\nnote: run with `RUST_BACKTRACE=1` environment variable to display a backtrace\n"
}