{
    "stdout": " type resolve  sort fields\n type resolve  insert type definitions\n type resolve  resolve aliases in function signatures and prepare function types\n type resolve  typeresolve functions\n type resolve  final resolve of all functions\n",
    "stderr": "\u001b[31mError:\u001b[0m NEED LET VAR 0 a\n   \u001b[38;5;246m\u256d\u001b[0m\u001b[38;5;246m\u2500\u001b[0m\u001b[38;5;246m[\u001b[0m lambda_nested_captures_env_const_imm_fn.duck:5:13 \u001b[38;5;246m]\u001b[0m\n   \u001b[38;5;246m\u2502\u001b[0m\n \u001b[38;5;246m5 \u2502\u001b[0m \u001b[38;5;249m \u001b[0m\u001b[38;5;249m \u001b[0m\u001b[38;5;249m \u001b[0m\u001b[38;5;249m \u001b[0m\u001b[38;5;249m \u001b[0m\u001b[38;5;249m \u001b[0m\u001b[38;5;249m \u001b[0m\u001b[38;5;249m \u001b[0m\u001b[38;5;249m \u001b[0m\u001b[38;5;249m \u001b[0m\u001b[38;5;249m \u001b[0m\u001b[38;5;249m \u001b[0m\u001b[31ma\u001b[0m\u001b[38;5;249m \u001b[0m\u001b[38;5;249m=\u001b[0m\u001b[38;5;249m \u001b[0m\u001b[38;5;249m2\u001b[0m\u001b[38;5;249m0\u001b[0m\u001b[38;5;249m0\u001b[0m\u001b[38;5;249m;\u001b[0m\n \u001b[38;5;240m  \u2502\u001b[0m             \u001b[31m\u252c\u001b[0m  \n \u001b[38;5;240m  \u2502\u001b[0m             \u001b[31m\u2570\u001b[0m\u001b[31m\u2500\u001b[0m\u001b[31m\u2500\u001b[0m need let var\n\u001b[38;5;246m\u2500\u2500\u2500\u256f\u001b[0m\n\nthread 'main' panicked at src/parse/mod.rs:108:5:\nNEED LET VAR 0 a\nnote: run with `RUST_BACKTRACE=1` environment variable to display a backtrace\n"
}