{
    "stdout": "{{}}\n{{} {}}\n{{{}} {}}\n{{{{}}} {}}\n",
    "stderr": ""
}