{
    "stdout": "before:\n[first second]\n[first second]\nafter:\n[first modified second]\n[first modified second]\n",
    "stderr": ""
}