{
    "stdout": "Ich bin ein String\nIch bin ein String\n100\n100\n200\n200\nI'm the nested converter!\nI'm the nested converter!\nI'm the double nested converter!\nI'm the double nested converter!\n",
    "stderr": ""
}