{
    "stdout": "{{{tuple}}}\n{{{replaced}}}\n{{{again replaced}}}\n",
    "stderr": ""
}