{
    "stdout": "go in between lulz\nis 10\n{true}\n{1 is 1}\n",
    "stderr": ""
}