{
    "stdout": "correct! - hello\n",
    "stderr": ""
}