{
    "stdout": "expected result: 0, actual result: 0\n",
    "stderr": ""
}