{
    "stdout": "{true}\n{10}\n",
    "stderr": ""
}