{
    "stdout": "conversion did work\n",
    "stderr": ""
}