{
    "stdout": "correct: 5\n",
    "stderr": ""
}