{
    "stdout": "Hallo\nWelt\n0\n0\nconst\nconst\n",
    "stderr": ""
}