{
    "stdout": "hello\nhello\nhello 2\nhello 3\n",
    "stderr": ""
}