{
    "stdout": "a\na\na\na\na\nb\nb\nb\nb\nb\nc\nc\nc\nc\nc\nd\nd\nd\nd\nd\n",
    "stderr": ""
}