{
    "stdout": "2\n3\n20\n30\n",
    "stderr": ""
}