{
    "stdout": "{1}\n{1}\nGot from lambda {1} {1}\n",
    "stderr": ""
}