{
    "stdout": "String in String <- this is a string\n",
    "stderr": ""
}