{
    "stdout": "level 1\nnested else\n",
    "stderr": ""
}