{
    "stdout": "{nested f string}\n",
    "stderr": ""
}