{
    "stdout": "before\nafter lambda call\n",
    "stderr": ""
}