{
    "stdout": "Testing nested while loops with matrix [[1, 2], [3, 4], [5, 6]]\nExpected sum: 21 (1+2+3+4+5+6)\nActual sum:\n21\n",
    "stderr": ""
}