{
    "stdout": "true\n&{Yo}\n&{{}}\n&{100}\nfalse\ntrue\n&{{Yo 200}}\ntrue\ntrue\npanic: empty optional\n",
    "stderr": ""
}