{
    "stdout": "Hallo, Welt\n",
    "stderr": ""
}