{
    "stdout": " type resolve  sort fields\n type resolve  insert type definitions\nsource file struct defs: 0\n type resolve  resolve aliases in function signatures and prepare function types\n type resolve  typeresolve functions\n type resolve  final resolve of all functions\n",
    "stderr": "\u001b[31mError:\u001b[0m Incompatible Types\n   \u001b[38;5;246m\u256d\u001b[0m\u001b[38;5;246m\u2500\u001b[0m\u001b[38;5;246m[\u001b[0m require_tuple_int_and_int_give_int_and_string.duck:2:29 \u001b[38;5;246m]\u001b[0m\n   \u001b[38;5;246m\u2502\u001b[0m\n \u001b[38;5;246m2 \u2502\u001b[0m \u001b[38;5;249m \u001b[0m\u001b[38;5;249m \u001b[0m\u001b[38;5;249m \u001b[0m\u001b[38;5;249m \u001b[0m\u001b[38;5;249ml\u001b[0m\u001b[38;5;249me\u001b[0m\u001b[38;5;249mt\u001b[0m\u001b[38;5;249m \u001b[0m\u001b[38;5;249mx\u001b[0m\u001b[38;5;249m:\u001b[0m\u001b[38;5;249m \u001b[0m\u001b[38;5;249m(\u001b[0m\u001b[38;5;249mI\u001b[0m\u001b[38;5;249mn\u001b[0m\u001b[38;5;249mt\u001b[0m\u001b[38;5;249m,\u001b[0m\u001b[38;5;249m \u001b[0m\u001b[33mI\u001b[0m\u001b[33mn\u001b[0m\u001b[33mt\u001b[0m\u001b[38;5;249m)\u001b[0m\u001b[38;5;249m \u001b[0m\u001b[38;5;249m=\u001b[0m\u001b[38;5;249m \u001b[0m\u001b[38;5;249m(\u001b[0m\u001b[38;5;249m5\u001b[0m\u001b[38;5;249m,\u001b[0m\u001b[38;5;249m \u001b[0m\u001b[33m\"\u001b[0m\u001b[33m\"\u001b[0m\u001b[38;5;249m)\u001b[0m\u001b[38;5;249m;\u001b[0m\n \u001b[38;5;240m  \u2502\u001b[0m                  \u001b[33m\u2500\u001b[0m\u001b[33m\u252c\u001b[0m\u001b[33m\u2500\u001b[0m        \u001b[33m\u2500\u001b[0m\u001b[33m\u252c\u001b[0m  \n \u001b[38;5;240m  \u2502\u001b[0m                   \u001b[33m\u2570\u001b[0m\u001b[33m\u2500\u001b[0m\u001b[33m\u2500\u001b[0m\u001b[33m\u2500\u001b[0m\u001b[33m\u2500\u001b[0m\u001b[33m\u2500\u001b[0m\u001b[33m\u2500\u001b[0m\u001b[33m\u2500\u001b[0m\u001b[33m\u2500\u001b[0m\u001b[33m\u2500\u001b[0m\u001b[33m\u2500\u001b[0m\u001b[33m\u2500\u001b[0m\u001b[33m\u2500\u001b[0m\u001b[33m\u2500\u001b[0m this expects an int.\n \u001b[38;5;240m  \u2502\u001b[0m                              \u001b[33m\u2502\u001b[0m  \n \u001b[38;5;240m  \u2502\u001b[0m                              \u001b[33m\u2570\u001b[0m\u001b[33m\u2500\u001b[0m\u001b[33m\u2500\u001b[0m this is not an int.\n\u001b[38;5;246m\u2500\u2500\u2500\u256f\u001b[0m\n\nthread 'main' panicked at src/parse/mod.rs:73:5:\nIncompatible Types\nnote: run with `RUST_BACKTRACE=1` environment variable to display a backtrace\n"
}