{
    "stdout": "Yo\nIch bin ein anderse objekt\nYo\n100\nYo\n100\nim a string\nim a string\nim a string <- this string is before me\n",
    "stderr": ""
}